// Jest Snapshot v1, https://goo.gl/fbAQLP

exports[`matches snapshot 4 1`] = `null`;
